../Core/Inc/embedded_cli.h:722:20:embeddedCliDefaultConfig	4	static
../Core/Inc/embedded_cli.h:734:10:embeddedCliRequiredSize	24	static
../Core/Inc/embedded_cli.h:746:14:embeddedCliNew	40	static
../Core/Inc/embedded_cli.h:809:14:embeddedCliNewDefault	8	static
../Core/Inc/embedded_cli.h:813:6:embeddedCliReceiveChar	24	static
../Core/Inc/embedded_cli.h:821:6:embeddedCliProcess	24	static
../Core/Inc/embedded_cli.h:860:6:embeddedCliAddBinding	32	static
../Core/Inc/embedded_cli.h:871:6:embeddedCliPrint	24	static
../Core/Inc/embedded_cli.h:895:6:embeddedCliFree	24	static
../Core/Inc/embedded_cli.h:903:6:embeddedCliTokenizeArgs	40	static
../Core/Inc/embedded_cli.h:945:13:embeddedCliGetToken	24	static
../Core/Inc/embedded_cli.h:954:7:embeddedCliGetTokenVariable	24	static
../Core/Inc/embedded_cli.h:963:10:embeddedCliFindToken	24	static
../Core/Inc/embedded_cli.h:976:10:embeddedCliGetTokenCount	24	static
../Core/Inc/embedded_cli.h:994:13:navigateHistory	32	static
../Core/Inc/embedded_cli.h:1025:13:onEscapedInput	24	static
../Core/Inc/embedded_cli.h:1040:13:onCharInput	24	static
../Core/Inc/embedded_cli.h:1054:13:onControlInput	24	static
../Core/Inc/embedded_cli.h:1090:13:parseCommand	72	static
../Core/Inc/embedded_cli.h:1169:13:initInternalBindings	56	static
../Core/Inc/embedded_cli.h:1180:13:onHelp	56	static
../Core/Inc/embedded_cli.h:1233:13:onUnknownCommand	16	static
../Core/Inc/embedded_cli.h:1240:29:getAutocompletedCommand	64	static
../Core/Inc/embedded_cli.h:1294:13:printLiveAutocompletion	40	static
../Core/Inc/embedded_cli.h:1321:13:onAutocompleteRequest	40	static
../Core/Inc/embedded_cli.h:1367:13:clearCurrentLine	40	static
../Core/Inc/embedded_cli.h:1379:13:writeToOutput	24	static
../Core/Inc/embedded_cli.h:1387:13:isControlChar	16	static
../Core/Inc/embedded_cli.h:1391:13:isDisplayableChar	16	static
../Core/Inc/embedded_cli.h:1395:17:fifoBufAvailable	16	static
../Core/Inc/embedded_cli.h:1402:13:fifoBufPop	24	static
../Core/Inc/embedded_cli.h:1411:13:fifoBufPush	24	static
../Core/Inc/embedded_cli.h:1421:13:historyPut	40	static
../Core/Inc/embedded_cli.h:1455:20:historyGet	16	static
../Core/Inc/embedded_cli.h:1464:13:historyRemove	32	static
../Core/Inc/embedded_cli.h:1493:17:getTokenPosition	24	static
../Core/Src/cli.c:39:6:cli_clear	24	static
../Core/Src/cli.c:45:6:onLed	32	static
../Core/Src/cli.c:56:13:cli_write_char	24	static
../Core/Src/cli.c:66:6:cli_init	72	static
../Core/Src/cli.c:122:6:cli_receive_byte	16	static
../Core/Src/cli.c:133:6:cli_printf	528	static
../Core/Src/cli.c:157:15:cli_get_pointer	4	static
../Core/Src/cli.c:161:6:cli_process	8	static
